
> ai-backoffice-v1@0.1.0 build
> next build

  ▲ Next.js 14.2.33

   Creating an optimized production build ...
Failed to compile.

./lib/supabase.ts
Error: 
  [31mx[0m You're importing a component that needs next/headers. That only works in a Server Component which is not supported in the pages/ directory. Read more: https://nextjs.org/docs/getting-started/
  [31m|[0m react-essentials#server-components
  [31m|[0m 
  [31m|[0m 
   ,-[[36;1;4m/Users/vr/Projects/ai-backoffice-v1/lib/supabase.ts[0m:1:1]
 [2m1[0m | import { createBrowserClient, createServerClient } from "@supabase/ssr";
 [2m2[0m | import { cookies } from "next/headers";
   : [31;1m^^^^^^^^^^^^^^^^^^^^^^^^^^^^^^^^^^^^^^^[0m
 [2m3[0m | 
 [2m4[0m | // Browser client for client-side operations
 [2m5[0m | export function createClient() {
   `----

Import trace for requested module:
./lib/supabase.ts
./app/auth/logout/page.tsx


> Build failed because of webpack errors
